'निर्वाचक नामावली -2026 ,विधानसभा निर्वाचन क्षेत्र: : 48-लहरपुर आग संख्या:
अनुभाग संख्या और नाम: AIT

तन ब्थ्थणण० (जज स््

जम: कर आम: वेज कुमार आम: किया महक
पति का नाम Rete कुमार अत का काम: राम लखन ‘na fee ee

saree :0 fe sere || मकान we 0 दे अकाल a 00, fm
ng 44 Tae 33: ge sg: 32 fo Ra

= 0289० Ee 5 >Eo2e0RHe? Ee 4] 02579720
eral Renn ree et

हिला शक न शी अल का कर reer Baten omen

swewen:0 b= अकाल सका: 00 अकाल संक्धा:0 =

आप 23क्िग gee आप: 29 किए: पुरू आप: रा कि: महल

xEORSTI6I2 NEO2STIIES अ0200226

er ere er baghaa Re
fr का भर ge कुमर eo ता का कहे ae re आता का नाम खा

0 | अकान का: 0 Ey अकाल ककया 700 i
अबू: 2० कण: एस अबू: 26 कि पुर Ser 20 हिण महिला

तन 3&028230 | [मो >&0274204 | [ 2] E02772663
जग; अपन कुमार धुत गन ol

Rev का नाव eae कुमार पता कि का नाल oats So

मकान संकध:0 a अकान OT (सवा: 0 b=
org: 20 कि पुर org 42 कि: महिला आयु: 28 किए: महिला

ज | xeoaraart ||] अत

कम जेब कमर a ee ‘aaa
Renae gre ee emer econ

मकान बा: 0 | se || ewe 08 b= set || मकल सका: 5 b= eau
आप: २४ क्ि gee आप? 22 कि: महिला आप: & कि पुर

| xeoonars {| ____] worzareess ||[ 78)

ora ait aoe

Fev sen on ke aaa ote Roar ert

मकान संट्घ:6 FI तय है| mere 6 FI orton 6

Sr en gee आग: 99 Baten आए: कि: gee

सतत EOD xEOTTANETA

ny “are or
oven अजब onion भोला सह hore oe
=e [” mere 7 EI अकाल संख्या 07 [7
Sy ? कण हिला Spe Bean og महिला

e0n007625 | [ 3] स्तन | [24] fe

amide aioe pe
ao Fev का ना: oh ee fms omer aoe

seven? FI अकाल सका: 8 tI vort||| ner wo 70, /-}

rg 268 महिला org ६2 कि gee आयु: कि: ge

—y vuceaseras7 | [हा लत क्र का

“ers काल सका seer “aa Re pre ee

Para os geet ara Rae fener अशोक ere et

अकान बेका: ।0 [” अकाल संकय।0 FI अकाल सदा 70 [7

आप: किग: महिला Seg अं ren आप: अं कि पुरुष

Ly) xeowsessa | [हो 2६074 | आग xEO6S4780
eee eae कमर विधा ate
Rew arson अशोक कुमार कि Fear oh कुमार
FI evento [४० tar TO. (7
Sp कि पुर ng 29
xe दिनांक 0-09-2026 gE 9 प्रकाशन की तिथि :-06-0/-2026 'पृषठ 7 - पृष3

